Factorial of 5: 120
Factorial of 2: 2
Factorial of 10: 3.6288e+06
