i is now 0
i is now 1
i is now 2
i is now 3
i is now 4
i is now 5
i is now 6
i is now 7
i is now 8
i is now 9
